{"ts": "2026-08-26T16:36:30-04:00", "dataset": "scifact", "argv": ["scripts/validate_perquery.py", "--bm25"], "pid": 46641}
{"ts": "2026-08-26T16:36:33-04:00", "dataset": "nfcorpus", "argv": ["scripts/validate_perquery.py", "--bm25"], "pid": 46641}
{"ts": "2026-08-26T16:36:36-04:00", "dataset": "fiqa", "argv": ["scripts/validate_perquery.py", "--bm25"], "pid": 46641}
{"ts": "2026-08-26T16:36:46-04:00", "dataset": "arguana", "argv": ["scripts/validate_perquery.py", "--bm25"], "pid": 46641}
{"ts": "2026-08-26T16:36:52-04:00", "dataset": "scidocs", "argv": ["scripts/validate_perquery.py", "--bm25"], "pid": 46641}
{"ts": "2026-08-26T16:37:00-04:00", "dataset": "trec-covid", "argv": ["scripts/validate_perquery.py", "--bm25"], "pid": 46641}
2026-08-28T23:23:07.565950+00:00 final_run.preflight read+hashed the six frozen query/qrels payloads (verification only, nothing scored)
{"ts": "2026-08-28T19:23:07-04:00", "dataset": "scifact", "argv": ["m7src/final_run.py", "--freeze-hash", "d24c704077210f3ddd065ff7709f35a3f42ced85"], "pid": 71265}
{"ts": "2026-08-28T19:25:12-04:00", "dataset": "nfcorpus", "argv": ["m7src/final_run.py", "--freeze-hash", "d24c704077210f3ddd065ff7709f35a3f42ced85"], "pid": 71265}
{"ts": "2026-08-28T19:26:44-04:00", "dataset": "fiqa", "argv": ["m7src/final_run.py", "--freeze-hash", "d24c704077210f3ddd065ff7709f35a3f42ced85"], "pid": 71265}
{"ts": "2026-08-28T19:43:34-04:00", "dataset": "arguana", "argv": ["m7src/final_run.py", "--freeze-hash", "d24c704077210f3ddd065ff7709f35a3f42ced85"], "pid": 71265}
2026-08-29T00:02:46.412524+00:00 final_run.preflight read+hashed the six frozen query/qrels payloads (verification only, nothing scored)
{"ts": "2026-08-28T20:02:46-04:00", "dataset": "scifact", "argv": ["m7src/final_run.py", "--freeze-hash", "d24c704077210f3ddd065ff7709f35a3f42ced85", "--infra-retry"], "pid": 72316}
{"ts": "2026-08-28T20:02:50-04:00", "dataset": "nfcorpus", "argv": ["m7src/final_run.py", "--freeze-hash", "d24c704077210f3ddd065ff7709f35a3f42ced85", "--infra-retry"], "pid": 72316}
{"ts": "2026-08-28T20:02:53-04:00", "dataset": "fiqa", "argv": ["m7src/final_run.py", "--freeze-hash", "d24c704077210f3ddd065ff7709f35a3f42ced85", "--infra-retry"], "pid": 72316}
{"ts": "2026-08-28T20:03:04-04:00", "dataset": "arguana", "argv": ["m7src/final_run.py", "--freeze-hash", "d24c704077210f3ddd065ff7709f35a3f42ced85", "--infra-retry"], "pid": 72316}
{"ts": "2026-08-28T20:03:13-04:00", "dataset": "scidocs", "argv": ["m7src/final_run.py", "--freeze-hash", "d24c704077210f3ddd065ff7709f35a3f42ced85", "--infra-retry"], "pid": 72316}
{"ts": "2026-08-28T20:16:30-04:00", "dataset": "trec-covid", "argv": ["m7src/final_run.py", "--freeze-hash", "d24c704077210f3ddd065ff7709f35a3f42ced85", "--infra-retry"], "pid": 72316}
2026-08-29T02:34:52.361708+00:00 cleanstack_tax.score: pre-registered NON-CONFIRMATORY six-set read (m7/LEDGER.md 'the clean-stack tax')
{"ts": "2026-09-04T15:48:53-04:00", "dataset": "scifact", "argv": ["m12src/run_six_dbsf.py"], "pid": 15470}
{"ts": "2026-09-04T15:48:57-04:00", "dataset": "nfcorpus", "argv": ["m12src/run_six_dbsf.py"], "pid": 15470}
{"ts": "2026-09-04T15:48:59-04:00", "dataset": "fiqa", "argv": ["m12src/run_six_dbsf.py"], "pid": 15470}
{"ts": "2026-09-04T15:49:09-04:00", "dataset": "arguana", "argv": ["m12src/run_six_dbsf.py"], "pid": 15470}
{"ts": "2026-09-04T15:49:17-04:00", "dataset": "scidocs", "argv": ["m12src/run_six_dbsf.py"], "pid": 15470}
{"ts": "2026-09-04T15:49:25-04:00", "dataset": "trec-covid", "argv": ["m12src/run_six_dbsf.py"], "pid": 15470}
{"ts": "2026-09-16T16:01:24-04:00", "dataset": "scifact", "argv": ["m20src/dbsf_reproduction.py", "--datasets", "scifact", "nfcorpus"], "pid": 589962}
{"ts": "2026-09-16T16:01:28-04:00", "dataset": "nfcorpus", "argv": ["m20src/dbsf_reproduction.py", "--datasets", "scifact", "nfcorpus"], "pid": 589962}
{"ts": "2026-09-30T05:09:13+03:00", "dataset": "scifact", "argv": ["m15src/e6_router.py"], "pid": 33877}
{"ts": "2026-09-30T05:09:18+03:00", "dataset": "nfcorpus", "argv": ["m15src/e6_router.py"], "pid": 33877}
{"ts": "2026-09-30T05:09:23+03:00", "dataset": "scidocs", "argv": ["m15src/e6_router.py"], "pid": 33877}
{"ts": "2026-09-30T05:09:28+03:00", "dataset": "trec-covid", "argv": ["m15src/e6_router.py"], "pid": 33877}
{"ts": "2026-09-30T05:09:33+03:00", "dataset": "fiqa", "argv": ["m15src/e6_router.py"], "pid": 33877}
{"ts": "2026-09-30T05:09:37+03:00", "dataset": "arguana", "argv": ["m15src/e6_router.py"], "pid": 33877}
{"ts": "2026-09-30T05:11:09+03:00", "dataset": "scifact", "argv": ["m15src/e1_latency.py", "--prepare"], "pid": 36655}
{"ts": "2026-09-30T05:11:13+03:00", "dataset": "nfcorpus", "argv": ["m15src/e1_latency.py", "--prepare"], "pid": 36655}
{"ts": "2026-09-30T05:11:16+03:00", "dataset": "scidocs", "argv": ["m15src/e1_latency.py", "--prepare"], "pid": 36655}
{"ts": "2026-09-30T05:11:20+03:00", "dataset": "trec-covid", "argv": ["m15src/e1_latency.py", "--prepare"], "pid": 36655}
{"ts": "2026-09-30T05:11:23+03:00", "dataset": "fiqa", "argv": ["m15src/e1_latency.py", "--prepare"], "pid": 36655}
{"ts": "2026-09-30T05:11:27+03:00", "dataset": "arguana", "argv": ["m15src/e1_latency.py", "--prepare"], "pid": 36655}
{"ts": "2026-09-30T05:14:28+03:00", "dataset": "scifact", "argv": ["work/m15/gate_check.py", "scifact", "fiqa"], "pid": 40258}
{"ts": "2026-09-30T05:14:51+03:00", "dataset": "fiqa", "argv": ["work/m15/gate_check.py", "scifact", "fiqa"], "pid": 40258}
{"ts": "2026-09-30T05:16:00+03:00", "dataset": "fiqa", "argv": ["m15src/e2_encode.py"], "pid": 42235}
{"ts": "2026-09-30T05:16:31+03:00", "dataset": "nfcorpus", "argv": ["m15src/e2_encode.py"], "pid": 42235}
{"ts": "2026-09-30T05:22:44+03:00", "dataset": "fiqa", "argv": ["m15src/e2_ann.py", "fiqa", "--smoke"], "pid": 51023}
{"ts": "2026-09-30T05:48:31+03:00", "dataset": "fiqa", "argv": ["m15src/e2_ann.py", "fiqa", "--smoke"], "pid": 99543}
{"ts": "2026-09-30T05:51:33+03:00", "dataset": "fiqa", "argv": ["m15src/e2_ann.py", "fiqa", "--smoke"], "pid": 5045}
{"ts": "2026-09-30T05:55:32+03:00", "dataset": "scifact", "argv": ["m15src/e4_prefix.py"], "pid": 10784}
{"ts": "2026-09-30T06:00:54+03:00", "dataset": "nfcorpus", "argv": ["m15src/e4_prefix.py"], "pid": 10784}
{"ts": "2026-09-30T06:06:51+03:00", "dataset": "fiqa", "argv": ["m15src/e4_prefix.py"], "pid": 10784}
{"ts": "2026-09-30T03:51:33+00:00", "dataset": "scifact", "argv": ["/home/dylan/m15run/m15src/e8_towers.py", "six", "stella-400M-v5"], "pid": 4764}
{"ts": "2026-09-30T03:52:05+00:00", "dataset": "nfcorpus", "argv": ["/home/dylan/m15run/m15src/e8_towers.py", "six", "stella-400M-v5"], "pid": 4764}
{"ts": "2026-09-30T03:52:23+00:00", "dataset": "fiqa", "argv": ["/home/dylan/m15run/m15src/e8_towers.py", "six", "stella-400M-v5"], "pid": 4764}
{"ts": "2026-09-30T03:54:25+00:00", "dataset": "arguana", "argv": ["/home/dylan/m15run/m15src/e8_towers.py", "six", "stella-400M-v5"], "pid": 4764}
{"ts": "2026-09-30T03:54:55+00:00", "dataset": "scidocs", "argv": ["/home/dylan/m15run/m15src/e8_towers.py", "six", "stella-400M-v5"], "pid": 4764}
{"ts": "2026-09-30T03:56:11+00:00", "dataset": "trec-covid", "argv": ["/home/dylan/m15run/m15src/e8_towers.py", "six", "stella-400M-v5"], "pid": 4764}
{"ts": "2026-09-30T04:06:13+00:00", "dataset": "scifact", "argv": ["/home/dylan/m15run/m15src/e8_towers.py", "six", "arctic-embed-l"], "pid": 5172}
{"ts": "2026-09-30T04:06:39+00:00", "dataset": "nfcorpus", "argv": ["/home/dylan/m15run/m15src/e8_towers.py", "six", "arctic-embed-l"], "pid": 5172}
{"ts": "2026-09-30T04:06:51+00:00", "dataset": "fiqa", "argv": ["/home/dylan/m15run/m15src/e8_towers.py", "six", "arctic-embed-l"], "pid": 5172}
{"ts": "2026-09-30T04:08:14+00:00", "dataset": "arguana", "argv": ["/home/dylan/m15run/m15src/e8_towers.py", "six", "arctic-embed-l"], "pid": 5172}
{"ts": "2026-09-30T04:08:33+00:00", "dataset": "scidocs", "argv": ["/home/dylan/m15run/m15src/e8_towers.py", "six", "arctic-embed-l"], "pid": 5172}
{"ts": "2026-09-30T04:09:20+00:00", "dataset": "trec-covid", "argv": ["/home/dylan/m15run/m15src/e8_towers.py", "six", "arctic-embed-l"], "pid": 5172}
{"ts": "2026-09-30T04:15:57+00:00", "dataset": "scifact", "argv": ["/home/dylan/m15run/m15src/e8_towers.py", "six", "arctic-embed-l-mean"], "pid": 5461}
{"ts": "2026-09-30T04:16:23+00:00", "dataset": "nfcorpus", "argv": ["/home/dylan/m15run/m15src/e8_towers.py", "six", "arctic-embed-l-mean"], "pid": 5461}
{"ts": "2026-09-30T04:16:34+00:00", "dataset": "fiqa", "argv": ["/home/dylan/m15run/m15src/e8_towers.py", "six", "arctic-embed-l-mean"], "pid": 5461}
{"ts": "2026-09-30T04:17:52+00:00", "dataset": "arguana", "argv": ["/home/dylan/m15run/m15src/e8_towers.py", "six", "arctic-embed-l-mean"], "pid": 5461}
{"ts": "2026-09-30T04:18:11+00:00", "dataset": "scidocs", "argv": ["/home/dylan/m15run/m15src/e8_towers.py", "six", "arctic-embed-l-mean"], "pid": 5461}
{"ts": "2026-09-30T04:18:58+00:00", "dataset": "trec-covid", "argv": ["/home/dylan/m15run/m15src/e8_towers.py", "six", "arctic-embed-l-mean"], "pid": 5461}
{"ts": "2026-09-30T04:25:27+00:00", "dataset": "scifact", "argv": ["/home/dylan/m15run/m15src/e8_towers.py", "six", "arctic-embed-m-v1.5"], "pid": 5777}
{"ts": "2026-09-30T04:25:43+00:00", "dataset": "nfcorpus", "argv": ["/home/dylan/m15run/m15src/e8_towers.py", "six", "arctic-embed-m-v1.5"], "pid": 5777}
{"ts": "2026-09-30T04:25:50+00:00", "dataset": "fiqa", "argv": ["/home/dylan/m15run/m15src/e8_towers.py", "six", "arctic-embed-m-v1.5"], "pid": 5777}
{"ts": "2026-09-30T04:26:44+00:00", "dataset": "arguana", "argv": ["/home/dylan/m15run/m15src/e8_towers.py", "six", "arctic-embed-m-v1.5"], "pid": 5777}
{"ts": "2026-09-30T04:26:56+00:00", "dataset": "scidocs", "argv": ["/home/dylan/m15run/m15src/e8_towers.py", "six", "arctic-embed-m-v1.5"], "pid": 5777}
{"ts": "2026-09-30T04:27:29+00:00", "dataset": "trec-covid", "argv": ["/home/dylan/m15run/m15src/e8_towers.py", "six", "arctic-embed-m-v1.5"], "pid": 5777}
{"ts": "2026-09-30T04:32:01+00:00", "dataset": "scifact", "argv": ["/home/dylan/m15run/m15src/e8_towers.py", "six", "bge-base-en-v1.5"], "pid": 6066}
{"ts": "2026-09-30T04:32:16+00:00", "dataset": "nfcorpus", "argv": ["/home/dylan/m15run/m15src/e8_towers.py", "six", "bge-base-en-v1.5"], "pid": 6066}
{"ts": "2026-09-30T04:32:24+00:00", "dataset": "fiqa", "argv": ["/home/dylan/m15run/m15src/e8_towers.py", "six", "bge-base-en-v1.5"], "pid": 6066}
{"ts": "2026-09-30T04:33:20+00:00", "dataset": "arguana", "argv": ["/home/dylan/m15run/m15src/e8_towers.py", "six", "bge-base-en-v1.5"], "pid": 6066}
{"ts": "2026-09-30T04:33:33+00:00", "dataset": "scidocs", "argv": ["/home/dylan/m15run/m15src/e8_towers.py", "six", "bge-base-en-v1.5"], "pid": 6066}
{"ts": "2026-09-30T04:34:05+00:00", "dataset": "trec-covid", "argv": ["/home/dylan/m15run/m15src/e8_towers.py", "six", "bge-base-en-v1.5"], "pid": 6066}
{"ts": "2026-09-30T04:38:38+00:00", "dataset": "scifact", "argv": ["/home/dylan/m15run/m15src/e8_towers.py", "six", "bge-large-en-v1.5"], "pid": 6355}
{"ts": "2026-09-30T04:39:04+00:00", "dataset": "nfcorpus", "argv": ["/home/dylan/m15run/m15src/e8_towers.py", "six", "bge-large-en-v1.5"], "pid": 6355}
{"ts": "2026-09-30T04:39:16+00:00", "dataset": "fiqa", "argv": ["/home/dylan/m15run/m15src/e8_towers.py", "six", "bge-large-en-v1.5"], "pid": 6355}
{"ts": "2026-09-30T04:40:34+00:00", "dataset": "arguana", "argv": ["/home/dylan/m15run/m15src/e8_towers.py", "six", "bge-large-en-v1.5"], "pid": 6355}
{"ts": "2026-09-30T04:40:53+00:00", "dataset": "scidocs", "argv": ["/home/dylan/m15run/m15src/e8_towers.py", "six", "bge-large-en-v1.5"], "pid": 6355}
{"ts": "2026-09-30T04:41:41+00:00", "dataset": "trec-covid", "argv": ["/home/dylan/m15run/m15src/e8_towers.py", "six", "bge-large-en-v1.5"], "pid": 6355}
{"ts": "2026-09-30T04:48:06+00:00", "dataset": "scifact", "argv": ["/home/dylan/m15run/m15src/e8_towers.py", "six", "e5-base-v2"], "pid": 6644}
{"ts": "2026-09-30T04:48:22+00:00", "dataset": "nfcorpus", "argv": ["/home/dylan/m15run/m15src/e8_towers.py", "six", "e5-base-v2"], "pid": 6644}
{"ts": "2026-09-30T04:48:29+00:00", "dataset": "fiqa", "argv": ["/home/dylan/m15run/m15src/e8_towers.py", "six", "e5-base-v2"], "pid": 6644}
{"ts": "2026-09-30T04:49:27+00:00", "dataset": "arguana", "argv": ["/home/dylan/m15run/m15src/e8_towers.py", "six", "e5-base-v2"], "pid": 6644}
{"ts": "2026-09-30T04:49:39+00:00", "dataset": "scidocs", "argv": ["/home/dylan/m15run/m15src/e8_towers.py", "six", "e5-base-v2"], "pid": 6644}
{"ts": "2026-09-30T04:50:11+00:00", "dataset": "trec-covid", "argv": ["/home/dylan/m15run/m15src/e8_towers.py", "six", "e5-base-v2"], "pid": 6644}
{"ts": "2026-09-30T04:54:44+00:00", "dataset": "scifact", "argv": ["/home/dylan/m15run/m15src/e8_towers.py", "six", "e5-large-v2"], "pid": 6945}
{"ts": "2026-09-30T04:55:10+00:00", "dataset": "nfcorpus", "argv": ["/home/dylan/m15run/m15src/e8_towers.py", "six", "e5-large-v2"], "pid": 6945}
{"ts": "2026-09-30T04:55:21+00:00", "dataset": "fiqa", "argv": ["/home/dylan/m15run/m15src/e8_towers.py", "six", "e5-large-v2"], "pid": 6945}
{"ts": "2026-09-30T04:56:42+00:00", "dataset": "arguana", "argv": ["/home/dylan/m15run/m15src/e8_towers.py", "six", "e5-large-v2"], "pid": 6945}
{"ts": "2026-09-30T04:57:00+00:00", "dataset": "scidocs", "argv": ["/home/dylan/m15run/m15src/e8_towers.py", "six", "e5-large-v2"], "pid": 6945}
{"ts": "2026-09-30T04:57:47+00:00", "dataset": "trec-covid", "argv": ["/home/dylan/m15run/m15src/e8_towers.py", "six", "e5-large-v2"], "pid": 6945}
{"ts": "2026-09-30T05:03:57+00:00", "dataset": "scifact", "argv": ["/home/dylan/m15run/m15src/e8_towers.py", "six", "gte-base-en-v1.5"], "pid": 7234}
{"ts": "2026-09-30T05:04:13+00:00", "dataset": "nfcorpus", "argv": ["/home/dylan/m15run/m15src/e8_towers.py", "six", "gte-base-en-v1.5"], "pid": 7234}
{"ts": "2026-09-30T05:04:21+00:00", "dataset": "fiqa", "argv": ["/home/dylan/m15run/m15src/e8_towers.py", "six", "gte-base-en-v1.5"], "pid": 7234}
{"ts": "2026-09-30T05:05:29+00:00", "dataset": "arguana", "argv": ["/home/dylan/m15run/m15src/e8_towers.py", "six", "gte-base-en-v1.5"], "pid": 7234}
{"ts": "2026-09-30T05:05:44+00:00", "dataset": "scidocs", "argv": ["/home/dylan/m15run/m15src/e8_towers.py", "six", "gte-base-en-v1.5"], "pid": 7234}
{"ts": "2026-09-30T05:06:21+00:00", "dataset": "trec-covid", "argv": ["/home/dylan/m15run/m15src/e8_towers.py", "six", "gte-base-en-v1.5"], "pid": 7234}
{"ts": "2026-09-30T05:11:48+00:00", "dataset": "scifact", "argv": ["/home/dylan/m15run/m15src/e8_towers.py", "six", "gte-large-en-v1.5"], "pid": 7523}
{"ts": "2026-09-30T05:12:16+00:00", "dataset": "nfcorpus", "argv": ["/home/dylan/m15run/m15src/e8_towers.py", "six", "gte-large-en-v1.5"], "pid": 7523}
{"ts": "2026-09-30T05:12:30+00:00", "dataset": "fiqa", "argv": ["/home/dylan/m15run/m15src/e8_towers.py", "six", "gte-large-en-v1.5"], "pid": 7523}
{"ts": "2026-09-30T05:14:15+00:00", "dataset": "arguana", "argv": ["/home/dylan/m15run/m15src/e8_towers.py", "six", "gte-large-en-v1.5"], "pid": 7523}
{"ts": "2026-09-30T05:14:39+00:00", "dataset": "scidocs", "argv": ["/home/dylan/m15run/m15src/e8_towers.py", "six", "gte-large-en-v1.5"], "pid": 7523}
{"ts": "2026-09-30T05:15:42+00:00", "dataset": "trec-covid", "argv": ["/home/dylan/m15run/m15src/e8_towers.py", "six", "gte-large-en-v1.5"], "pid": 7523}
{"ts": "2026-09-30T05:24:00+00:00", "dataset": "scifact", "argv": ["/home/dylan/m15run/m15src/e8_towers.py", "six", "mxbai-embed-large-v1"], "pid": 7824}
{"ts": "2026-09-30T05:24:15+00:00", "dataset": "nfcorpus", "argv": ["/home/dylan/m15run/m15src/e8_towers.py", "six", "mxbai-embed-large-v1"], "pid": 7824}
{"ts": "2026-09-30T05:24:26+00:00", "dataset": "fiqa", "argv": ["/home/dylan/m15run/m15src/e8_towers.py", "six", "mxbai-embed-large-v1"], "pid": 7824}
{"ts": "2026-09-30T05:25:44+00:00", "dataset": "arguana", "argv": ["/home/dylan/m15run/m15src/e8_towers.py", "six", "mxbai-embed-large-v1"], "pid": 7824}
{"ts": "2026-09-30T05:26:03+00:00", "dataset": "scidocs", "argv": ["/home/dylan/m15run/m15src/e8_towers.py", "six", "mxbai-embed-large-v1"], "pid": 7824}
{"ts": "2026-09-30T05:26:51+00:00", "dataset": "trec-covid", "argv": ["/home/dylan/m15run/m15src/e8_towers.py", "six", "mxbai-embed-large-v1"], "pid": 7824}
